// Jest Snapshot v1, https://goo.gl/fbAQLP

exports[`App should render 1`] = `
Object {
  "Application": Object {
    "App": Object {
      "active": false,
      "alpha": 1,
      "attached": true,
      "boundsMargin": null,
      "children": Object {
        "Background": Object {
          "active": false,
          "alpha": 1,
          "attached": true,
          "boundsMargin": null,
          "clipping": false,
          "color": "fffbb03b",
          "enabled": true,
          "flex": false,
          "flexItem": false,
          "h": 1080,
          "id": 3,
          "isComponent": undefined,
          "mount": 0,
          "mountX": 0,
          "mountY": 0,
          "pivot": 0.5,
          "pivotX": 0.5,
          "pivotY": 0.5,
          "ref": "Background",
          "renderOfScreen": undefined,
          "renderToTexture": false,
          "scale": 1,
          "scaleX": 1,
          "scaleY": 1,
          "state": undefined,
          "tag": [Function],
          "tags": Array [
            "Background",
          ],
          "texture": Object {
            "src": "http://localhost/static/images/background.png",
            "type": "ImageTexture",
          },
          "visible": true,
          "w": 1920,
          "x": 0,
          "y": 0,
          "zIndex": 0,
        },
        "Logo": Object {
          "active": false,
          "alpha": 1,
          "attached": true,
          "boundsMargin": null,
          "clipping": false,
          "color": 4294967295,
          "enabled": true,
          "flex": false,
          "flexItem": false,
          "h": 0,
          "id": 4,
          "isComponent": undefined,
          "mount": 0.5,
          "mountX": 0.5,
          "mountY": 1,
          "pivot": 0.5,
          "pivotX": 0.5,
          "pivotY": 0.5,
          "ref": "Logo",
          "renderOfScreen": undefined,
          "renderToTexture": false,
          "scale": 1,
          "scaleX": 1,
          "scaleY": 1,
          "state": undefined,
          "tag": [Function],
          "tags": Array [
            "Logo",
          ],
          "texture": Object {
            "src": "http://localhost/static/images/logo.png",
            "type": "ImageTexture",
          },
          "visible": true,
          "w": 0,
          "x": 960,
          "y": 600,
          "zIndex": 0,
        },
        "Text": Object {
          "active": false,
          "alpha": 1,
          "attached": true,
          "boundsMargin": null,
          "clipping": false,
          "color": 4294967295,
          "enabled": true,
          "flex": false,
          "flexItem": false,
          "h": 0,
          "id": 5,
          "isComponent": undefined,
          "mount": 0.5,
          "mountX": 0.5,
          "mountY": 0.5,
          "pivot": 0.5,
          "pivotX": 0.5,
          "pivotY": 0.5,
          "ref": "Text",
          "renderOfScreen": undefined,
          "renderToTexture": false,
          "scale": 1,
          "scaleX": 1,
          "scaleY": 1,
          "state": undefined,
          "tag": [Function],
          "tags": Array [
            "Text",
          ],
          "texture": Object {
            "fontFace": "Regular",
            "fontSize": 64,
            "text": "Welcome to Credersi's Lightning Training!",
            "textColor": 3154116607,
            "type": "TextTexture",
          },
          "visible": true,
          "w": 0,
          "x": 960,
          "y": 720,
          "zIndex": 0,
        },
      },
      "clipping": false,
      "color": 4294967295,
      "enabled": true,
      "flex": false,
      "flexItem": false,
      "forceZIndexContext": true,
      "h": 0,
      "hasFinalFocus": true,
      "hasFocus": true,
      "id": 2,
      "isComponent": true,
      "mount": 0,
      "mountX": 0,
      "mountY": 0,
      "pivot": 0.5,
      "pivotX": 0.5,
      "pivotY": 0.5,
      "ref": "App",
      "renderOfScreen": undefined,
      "renderToTexture": false,
      "scale": 1,
      "scaleX": 1,
      "scaleY": 1,
      "state": "",
      "tag": [Function],
      "tags": Array [
        "App",
      ],
      "type": "App",
      "visible": true,
      "w": 0,
      "x": 0,
      "y": 0,
      "zIndex": 1,
    },
    "VersionLabel": Object {
      "active": false,
      "alpha": 1,
      "attached": true,
      "boundsMargin": null,
      "children": Object {
        "Text": Object {
          "active": false,
          "alpha": 1,
          "attached": true,
          "boundsMargin": null,
          "clipping": false,
          "color": 4294967295,
          "enabled": true,
          "flex": false,
          "flexItem": false,
          "h": 0,
          "id": 7,
          "isComponent": undefined,
          "mount": 0,
          "mountX": 0,
          "mountY": 0,
          "pivot": 0.5,
          "pivotX": 0.5,
          "pivotY": 0.5,
          "ref": "Text",
          "renderOfScreen": undefined,
          "renderToTexture": false,
          "scale": 1,
          "scaleX": 1,
          "scaleY": 1,
          "state": undefined,
          "tag": [Function],
          "tags": Array [
            "Text",
          ],
          "texture": Object {
            "fontSize": 22,
            "lineHeight": 26,
            "type": "TextTexture",
          },
          "visible": true,
          "w": 0,
          "x": 20,
          "y": 5,
          "zIndex": 0,
        },
      },
      "clipping": false,
      "color": "bb0078ac",
      "enabled": true,
      "flex": false,
      "flexItem": false,
      "h": 40,
      "hasFinalFocus": false,
      "hasFocus": false,
      "id": 6,
      "isComponent": true,
      "mount": 1,
      "mountX": 1,
      "mountY": 1,
      "pivot": 0.5,
      "pivotX": 0.5,
      "pivotY": 0.5,
      "ref": "VersionLabel",
      "renderOfScreen": undefined,
      "renderToTexture": false,
      "scale": 1,
      "scaleX": 1,
      "scaleY": 1,
      "state": "",
      "tag": [Function],
      "tags": Array [
        "VersionLabel",
      ],
      "texture": Object {
        "type": "RectangleTexture",
      },
      "type": "VersionLabel",
      "visible": true,
      "w": 100,
      "x": [Function],
      "y": [Function],
      "zIndex": 1,
    },
  },
}
`;
